<html>
<body>
<pre>
<h1>礦ision Build Log</h1>
<h2>Project:</h2>
D:\明月班\定量工程设计方法\车\Lidar\Lidar\USER\UART1.uvproj
Project File Date:  05/31/2023

<h2>Output:</h2>
Build target 'UART1'
compiling main.c...
linking...
Program Size: Code=10798 RO-data=770 RW-data=60 ZI-data=2284  
FromELF: creating hex file...
"..\OBJ\NewProject.axf" - 0 Error(s), 0 Warning(s).
Build target 'UART1'
compiling usart3.c...
linking...
Program Size: Code=10798 RO-data=770 RW-data=60 ZI-data=2284  
FromELF: creating hex file...
"..\OBJ\NewProject.axf" - 0 Error(s), 0 Warning(s).
